// Vitest Snapshot v1, https://vitest.dev/guide/snapshot.html

exports[`<ProfileForm /> > matches snapshot 1`] = `
<DocumentFragment>
  <div
    class="ProfileForm col-md-6 col-lg-4 offset-md-3 offset-lg-4"
  >
    <h3>
      Profile
    </h3>
    <div
      class="card"
    >
      <div
        class="card-body"
      >
        <form>
          <div
            class="mb-3"
          >
            <label
              class="form-label"
              for="username"
            >
              Username
            </label>
            <input
              class="form-control"
              disabled=""
              id="username"
              placeholder="testuser"
            />
          </div>
          <div
            class="mb-3"
          >
            <label
              class="form-label"
              for="password"
            >
              Password
            </label>
            <input
              class="form-control"
              id="password"
              name="password"
              type="password"
              value=""
            />
          </div>
          <div
            class="mb-3"
          >
            <label
              class="form-label"
              for="firstName"
            >
              First Name
            </label>
            <input
              class="form-control"
              id="firstName"
              name="firstName"
              value="Test"
            />
          </div>
          <div
            class="mb-3"
          >
            <label
              class="form-label"
              for="lastName"
            >
              Last Name
            </label>
            <input
              class="form-control"
              id="lastName"
              name="lastName"
              value="User"
            />
          </div>
          <div
            class="mb-3"
          >
            <label
              class="form-label"
              for="email"
            >
              Email
            </label>
            <input
              class="form-control"
              id="email"
              name="email"
              value="test@example.com"
            />
          </div>
          <div
            class="d-grid"
          >
            <button
              class="btn btn-primary"
            >
              Save Changes
            </button>
          </div>
        </form>
      </div>
    </div>
  </div>
</DocumentFragment>
`;
