// Vitest Snapshot v1, https://vitest.dev/guide/snapshot.html

exports[`<Alert /> > matches snapshot 1`] = `
<DocumentFragment>
  <div
    class="alert alert-danger"
    role="alert"
  />
</DocumentFragment>
`;
